
> primeimportsbdu@0.1.0 build
> next build

Γû▓ Next.js 16.1.6 (Turbopack)
- Environments: .env.local

  Creating an optimized production build ...
Γ£ô Compiled successfully in 51s
  Running TypeScript ...
node.exe : Failed to 
compile.
At line:1 char:1
+ & "C:\Program 
Files\nodejs/node.exe" 
"C:\Program 
Files\nodejs/node_mo 
...
+ ~~~~~~~~~~~~~~~~~~~~~
~~~~~~~~~~~~~~~~~~~~~~~
~~~~~~~~~~~~~~~~~~~~~~~
~~
    + CategoryInfo     
         : NotSpecifi  
  ed: (Failed to com   
 pile.:String) [],     
RemoteException
    + FullyQualifiedEr 
   rorId : NativeComm  
  andError
 

./src/components/auth/G
CRequestForm.tsx:210:43
Type error: This 
comparison appears to 
be unintentional 
because the types 
'"eligible"' and 
'"submitting"' have no 
overlap.

[0m [90m 208 |[39m  
                       
    [33m<[39m[33mBut
ton[39m
 [90m 209 |[39m      
                       
    type[33m=[39m[32
m"submit"[39m
[31m[1m>[22m[39m[9
0m 210 |[39m          
                       
disabled[33m=[39m{sta
tus [33m===[39m 
[32m'submitting'[39m}
 [90m     |[39m      
                       
              
[31m[1m^[22m[39m
 [90m 211 |[39m      
                       
    className[33m=[39
m[32m"w-full h-14 
bg-brand-blue-900 
hover:bg-black 
text-white font-black 
rounded-2xl shadow-xl 
transition-all flex 
items-center 
justify-center gap-3 
text-xs uppercase 
tracking-[0.2em]"[39m
 [90m 212 |[39m      
                       
[33m>[39m
 [90m 213 |[39m      
                       
    {status 
[33m===[39m 
[32m'submitting'[39m 
[33m?[39m [33m<[39m
[33mLoader2[39m class
Name[33m=[39m[32m"an
imate-spin"[39m size[
33m=[39m{[35m18[39m}
 [35m/> : <>Request 
Membership <ArrowRight 
size={18} /[39m[33m>
[39m[33m<[39m[33m/[
39m[33m>[39m}[0m
Next.js build worker 
exited with code: 1 
and signal: null
